// Jest Snapshot v1, https://goo.gl/fbAQLP

exports[`Author renders correctly 1`] = `
<div>
  <p>
    Senior Full Stack Developer
    <a
      href="https://www.linkedin.com/in/undefined"
      rel="noopener noreferrer"
      target="_blank"
    >
      <strong>
        Alberto Arena
      </strong>
       on LinkedIn
    </a>
  </p>
</div>
`;
